// Jest Snapshot v1, https://goo.gl/fbAQLP

exports[`Should render correctly in both cases of ownership I am not the owner I should not see the delete button  1`] = `null`;

exports[`Should render correctly in both cases of ownership I am the owner so I should see the delete button 1`] = `
<View
  accessibilityRole="button"
  accessibilityStates={Array []}
  accessible={true}
  isTVSelectable={true}
  onResponderGrant={[Function]}
  onResponderMove={[Function]}
  onResponderRelease={[Function]}
  onResponderTerminate={[Function]}
  onResponderTerminationRequest={[Function]}
  onStartShouldSetResponder={[Function]}
  style={
    Object {
      "opacity": 1,
    }
  }
>
  <View
    style={
      Array [
        Object {},
      ]
    }
  >
    <Text
      style={
        Array [
          Object {
            "color": "#007AFF",
            "fontSize": 18,
            "padding": 8,
            "textAlign": "center",
          },
          Object {
            "color": "#000000ff",
          },
        ]
      }
    >
      delete
    </Text>
  </View>
</View>
`;
